PROVENANCE SUMMARY for prov.R 

ENVIRONMENT:
Executed at 2019-09-09T11.20.19EDT 
Total execution time is 1.459 seconds
Script last modified at 2019-08-27T14.42.47EDT 
Executed with R version 3.6.0 (2019-04-26) 
Executed on x86_64 running darwin15.6.0 
Provenance was collected with rdtLite 1.1.1 
Provenance is stored in /Users/blerner/Documents/Process/DataProvenance/workspace/provSummarizeR/inst/testscripts/prov_prov 
Hash algorithm is md5 

LIBRARIES:
base 3.6.0
datasets 3.6.0
ggplot2 3.1.1
graphics 3.6.0
grDevices 3.6.0
methods 3.6.0
stats 3.6.0
utils 3.6.0

SOURCED SCRIPTS:
/Users/blerner/Documents/Process/DataProvenance/workspace/provSummarizeR/inst/testscripts/script2.r 
   2019-08-12T16.53.18EDT 

INPUTS: 
File : in.txt 
   2019-09-09T11.20.20EDT 
   732d814761d044c919425662375691de 

OUTPUTS: 
File : out.txt 
   2019-09-09T11.20.20EDT 
   732d814761d044c919425662375691de 

CONSOLE:
In prov.R on line  4 :
   "foo" 
In prov.R on line  5 :
   /Users/blerner/Documents/Process/DataProvenance/workspace/provSummarizeR/inst/testscripts/prov_prov/data/4-output.txt 

ERRORS:
None

